#2
_program
  #2
  _class
    A
    B
    "/afs/ir/users/v/e/veni/CS-143-Project-2/test/let.cl"
    (
    #4
    _attr
      a
      Int
      #4
      _new
        B
      : _no_type
    #7
    _attr
      c
      Int
      #0
      _no_expr
      : _no_type
    #9
    _method
      d
      #9
      _formal
        a
        Int
      #9
      _formal
        b
        Bool
      #9
      _formal
        c
        String
      String
      #10
      _assign
        a
        #10
        _int
          5
        : _no_type
      : _no_type
    )
  #17
  _class
    C
    B
    "/afs/ir/users/v/e/veni/CS-143-Project-2/test/let.cl"
    (
    #19
    _attr
      a
      Int
      #19
      _let
        a
        Int
        #0
        _no_expr
        : _no_type
        #19
        _let
          b
          Int
          #19
          _int
            5
          : _no_type
          #19
          _let
            c
            Int
            #0
            _no_expr
            : _no_type
            #19
            _new
              Int
            : _no_type
          : _no_type
        : _no_type
      : _no_type
    #20
    _attr
      a
      Int
      #20
      _assign
        b
        #20
        _let
          a
          Int
          #0
          _no_expr
          : _no_type
          #20
          _let
            b
            Int
            #20
            _static_dispatch
              #20
              _dispatch
                #20
                _object
                  self
                : _no_type
                a
                (
                )
              : _no_type
              B
              a
              (
              )
            : _no_type
            #20
            _cond
              #20
              _sub
                #20
                _plus
                  #20
                  _sub
                    #20
                    _mul
                      #20
                      _object
                        a
                      : _no_type
                      #20
                      _object
                        b
                      : _no_type
                    : _no_type
                    #20
                    _object
                      c
                    : _no_type
                  : _no_type
                  #20
                  _object
                    d
                  : _no_type
                : _no_type
                #20
                _neg
                  #20
                  _object
                    n
                  : _no_type
                : _no_type
              : _no_type
              #21
              _loop
                #21
                _bool
                  1
                : _no_type
                #21
                _bool
                  0
                : _no_type
              : _no_type
              #23
              _bool
                0
              : _no_type
            : _no_type
          : _no_type
        : _no_type
      : _no_type
    #27
    _attr
      a
      Int
      #27
      _assign
        b
        #27
        _let
          a
          Int
          #0
          _no_expr
          : _no_type
          #27
          _let
            b
            Int
            #27
            _static_dispatch
              #27
              _dispatch
                #27
                _object
                  self
                : _no_type
                a
                (
                )
              : _no_type
              B
              a
              (
              )
            : _no_type
            #27
            _let
              c
              Int
              #27
              _block
                #28
                _assign
                  b
                  #28
                  _int
                    545
                  : _no_type
                : _no_type
                #29
                _object
                  afadsf
                : _no_type
                #30
                _bool
                  1
                : _no_type
              : _no_type
              #31
              _cond
                #31
                _sub
                  #31
                  _plus
                    #31
                    _sub
                      #31
                      _mul
                        #31
                        _object
                          a
                        : _no_type
                        #31
                        _object
                          b
                        : _no_type
                      : _no_type
                      #31
                      _object
                        c
                      : _no_type
                    : _no_type
                    #31
                    _object
                      d
                    : _no_type
                  : _no_type
                  #31
                  _neg
                    #31
                    _object
                      n
                    : _no_type
                  : _no_type
                : _no_type
                #32
                _loop
                  #32
                  _bool
                    1
                  : _no_type
                  #32
                  _bool
                    0
                  : _no_type
                : _no_type
                #34
                _bool
                  0
                : _no_type
              : _no_type
            : _no_type
          : _no_type
        : _no_type
      : _no_type
    )
  #39
  _class
    D
    C
    "/afs/ir/users/v/e/veni/CS-143-Project-2/test/let.cl"
    (
    #42
    _attr
      a
      Int
      #42
      _assign
        b
        #42
        _let
          a
          Int
          #0
          _no_expr
          : _no_type
          #42
          _let
            b
            Int
            #43
            _let
              a
              Int
              #43
              _let
                a
                Str
                #0
                _no_expr
                : _no_type
                #43
                _let
                  b
                  Int
                  #43
                  _int
                    5
                  : _no_type
                  #43
                  _bool
                    1
                  : _no_type
                : _no_type
              : _no_type
              #43
              _let
                b
                Int
                #43
                _static_dispatch
                  #43
                  _dispatch
                    #43
                    _object
                      self
                    : _no_type
                    a
                    (
                    )
                  : _no_type
                  B
                  a
                  (
                  )
                : _no_type
                #43
                _cond
                  #43
                  _sub
                    #43
                    _plus
                      #43
                      _sub
                        #43
                        _mul
                          #43
                          _object
                            a
                          : _no_type
                          #43
                          _object
                            b
                          : _no_type
                        : _no_type
                        #43
                        _object
                          c
                        : _no_type
                      : _no_type
                      #43
                      _object
                        d
                      : _no_type
                    : _no_type
                    #43
                    _neg
                      #43
                      _object
                        n
                      : _no_type
                    : _no_type
                  : _no_type
                  #44
                  _loop
                    #44
                    _bool
                      1
                    : _no_type
                    #44
                    _bool
                      0
                    : _no_type
                  : _no_type
                  #46
                  _bool
                    0
                  : _no_type
                : _no_type
              : _no_type
            : _no_type
            #48
            _cond
              #48
              _sub
                #48
                _plus
                  #48
                  _sub
                    #48
                    _mul
                      #48
                      _object
                        a
                      : _no_type
                      #48
                      _object
                        b
                      : _no_type
                    : _no_type
                    #48
                    _object
                      c
                    : _no_type
                  : _no_type
                  #48
                  _object
                    d
                  : _no_type
                : _no_type
                #48
                _neg
                  #48
                  _object
                    n
                  : _no_type
                : _no_type
              : _no_type
              #49
              _loop
                #49
                _bool
                  1
                : _no_type
                #49
                _bool
                  0
                : _no_type
              : _no_type
              #51
              _bool
                0
              : _no_type
            : _no_type
          : _no_type
        : _no_type
      : _no_type
    )
